Component: Arm Compiler for Embedded 6.22 Tool: armlink [5ee90200]

==============================================================================

Section Cross References

    main.o(.text.miFuncion) refers to main.o(.bss.buffer) for buffer
    main.o(.text.miFuncion) refers to main.o(.rodata.str1.1) for .L.str
    main.o(.text.miFuncion) refers to sprintf.o(.text) for sprintf
    main.o(.text.miFuncion) refers to uart.o(.text.USART_putString) for USART_putString
    main.o(.ARM.exidx.text.miFuncion) refers to main.o(.text.miFuncion) for [Anonymous Symbol]
    main.o(.text.rd) refers to myfunctions.o(.text) for display
    main.o(.text.rd) refers to main.o(.bss.buffer) for buffer
    main.o(.text.rd) refers to main.o(.rodata.str1.1) for .L.str.1
    main.o(.text.rd) refers to sprintf.o(.text) for sprintf
    main.o(.text.rd) refers to uart.o(.text.USART_putString) for USART_putString
    main.o(.ARM.exidx.text.rd) refers to main.o(.text.rd) for [Anonymous Symbol]
    main.o(.text.rm) refers to main.o(.bss.instruction1) for instruction1
    main.o(.text.rm) refers to strchr.o(.text) for strchr
    main.o(.text.rm) refers to atoi.o(.text) for atoi
    main.o(.text.rm) refers to main.o(.bss.instruction2) for instruction2
    main.o(.text.rm) refers to myfunctions.o(.text) for rmodify
    main.o(.text.rm) refers to main.o(.bss.buffer) for buffer
    main.o(.text.rm) refers to main.o(.rodata.str1.1) for .L.str.2
    main.o(.text.rm) refers to sprintf.o(.text) for sprintf
    main.o(.text.rm) refers to uart.o(.text.USART_putString) for USART_putString
    main.o(.text.rm) refers to main.o(.bss.instruction) for instruction
    main.o(.text.rm) refers to main.o(.bss.instruction3) for instruction3
    main.o(.text.rm) refers to main.o(.bss.contador) for contador
    main.o(.text.rm) refers to main.o(.bss.cmd_ready) for cmd_ready
    main.o(.text.rm) refers to main.o(.text.rutinaprincipal) for rutinaprincipal
    main.o(.ARM.exidx.text.rm) refers to main.o(.text.rm) for [Anonymous Symbol]
    main.o(.text.rutinaprincipal) refers to main.o(.rodata.str1.1) for .L.str.13
    main.o(.text.rutinaprincipal) refers to uart.o(.text.USART_putString) for USART_putString
    main.o(.text.rutinaprincipal) refers to main.o(.bss.cmd_ready) for cmd_ready
    main.o(.text.rutinaprincipal) refers to main.o(.bss.rx_data) for rx_data
    main.o(.text.rutinaprincipal) refers to main.o(.data.delimitador) for delimitador
    main.o(.text.rutinaprincipal) refers to strtok.o(.text) for strtok
    main.o(.text.rutinaprincipal) refers to main.o(.bss.contador) for contador
    main.o(.text.rutinaprincipal) refers to main.o(.bss.instruction) for instruction
    main.o(.text.rutinaprincipal) refers to main.o(.bss.instruction1) for instruction1
    main.o(.text.rutinaprincipal) refers to main.o(.bss.instruction2) for instruction2
    main.o(.text.rutinaprincipal) refers to main.o(.bss.instruction3) for instruction3
    main.o(.text.rutinaprincipal) refers to main.o(.bss.instruction4) for instruction4
    main.o(.text.rutinaprincipal) refers to strcmpv7em.o(.text) for strcmp
    main.o(.text.rutinaprincipal) refers to main.o(.text.md) for md
    main.o(.text.rutinaprincipal) refers to main.o(.text.mm) for mm
    main.o(.text.rutinaprincipal) refers to main.o(.text.rm) for rm
    main.o(.text.rutinaprincipal) refers to main.o(.text.bf) for bf
    main.o(.text.rutinaprincipal) refers to main.o(.text.run) for run
    main.o(.text.rutinaprincipal) refers to main.o(.text.call) for call
    main.o(.text.rutinaprincipal) refers to main.o(.text.rd) for rd
    main.o(.text.rutinaprincipal) refers to main.o(.text.funcion) for funcion
    main.o(.ARM.exidx.text.rutinaprincipal) refers to main.o(.text.rutinaprincipal) for [Anonymous Symbol]
    main.o(.text.md) refers to main.o(.bss.instruction1) for instruction1
    main.o(.text.md) refers to strtoul.o(.text) for strtoul
    main.o(.text.md) refers to main.o(.bss.instruction2) for instruction2
    main.o(.text.md) refers to main.o(.bss.buffer) for buffer
    main.o(.text.md) refers to main.o(.rodata.str1.1) for .L.str.4
    main.o(.text.md) refers to sprintf.o(.text) for sprintf
    main.o(.text.md) refers to uart.o(.text.USART_putString) for USART_putString
    main.o(.ARM.exidx.text.md) refers to main.o(.text.md) for [Anonymous Symbol]
    main.o(.text.mm) refers to main.o(.bss.instruction1) for instruction1
    main.o(.text.mm) refers to strtoul.o(.text) for strtoul
    main.o(.text.mm) refers to main.o(.bss.instruction2) for instruction2
    main.o(.text.mm) refers to main.o(.bss.instruction3) for instruction3
    main.o(.text.mm) refers to atoi.o(.text) for atoi
    main.o(.text.mm) refers to main.o(.rodata.str1.1) for .L.str.5
    main.o(.text.mm) refers to uart.o(.text.USART_putString) for USART_putString
    main.o(.text.mm) refers to main.o(.bss.buffer) for buffer
    main.o(.text.mm) refers to sprintf.o(.text) for sprintf
[...]
    ../clib/printf.c                         0x00000000   Number         0  __printf_flags_ss_wp.o ABSOLUTE
    ../clib/printf.c                         0x00000000   Number         0  _printf_intcommon.o ABSOLUTE
    ../clib/printf.c                         0x00000000   Number         0  _printf_fp_dec.o ABSOLUTE
    ../clib/printf.c                         0x00000000   Number         0  _printf_fp_dec_accurate.o ABSOLUTE
    ../clib/printf.c                         0x00000000   Number         0  _printf_fp_hex.o ABSOLUTE
    ../clib/printf.c                         0x00000000   Number         0  __printf_nopercent.o ABSOLUTE
    ../clib/printf.c                         0x00000000   Number         0  _printf_char.o ABSOLUTE
    ../clib/printf.c                         0x00000000   Number         0  _printf_wchar.o ABSOLUTE
    ../clib/printf.c                         0x00000000   Number         0  _printf_fp_infnan.o ABSOLUTE
    ../clib/printf_percent.s                 0x00000000   Number         0  _printf_c.o ABSOLUTE
    ../clib/printf_percent.s                 0x00000000   Number         0  _printf_s.o ABSOLUTE
    ../clib/printf_percent.s                 0x00000000   Number         0  _printf_n.o ABSOLUTE
    ../clib/printf_percent.s                 0x00000000   Number         0  _printf_x.o ABSOLUTE
    ../clib/printf_percent.s                 0x00000000   Number         0  _printf_p.o ABSOLUTE
    ../clib/printf_percent.s                 0x00000000   Number         0  _printf_o.o ABSOLUTE
    ../clib/printf_percent.s                 0x00000000   Number         0  _printf_i.o ABSOLUTE
    ../clib/printf_percent.s                 0x00000000   Number         0  _printf_d.o ABSOLUTE
    ../clib/printf_percent.s                 0x00000000   Number         0  _printf_u.o ABSOLUTE
    ../clib/printf_percent.s                 0x00000000   Number         0  _printf_f.o ABSOLUTE
    ../clib/printf_percent.s                 0x00000000   Number         0  _printf_e.o ABSOLUTE
    ../clib/printf_percent.s                 0x00000000   Number         0  _printf_g.o ABSOLUTE
    ../clib/printf_percent.s                 0x00000000   Number         0  _printf_a.o ABSOLUTE
    ../clib/printf_percent.s                 0x00000000   Number         0  _printf_percent.o ABSOLUTE
    ../clib/printf_percent.s                 0x00000000   Number         0  _printf_lli.o ABSOLUTE
    ../clib/printf_percent.s                 0x00000000   Number         0  _printf_lld.o ABSOLUTE
    ../clib/printf_percent.s                 0x00000000   Number         0  _printf_llu.o ABSOLUTE
    ../clib/printf_percent.s                 0x00000000   Number         0  _printf_ll.o ABSOLUTE
    ../clib/printf_percent.s                 0x00000000   Number         0  _printf_l.o ABSOLUTE
    ../clib/printf_percent.s                 0x00000000   Number         0  _printf_lc.o ABSOLUTE
    ../clib/printf_percent.s                 0x00000000   Number         0  _printf_ls.o ABSOLUTE
    ../clib/printf_percent.s                 0x00000000   Number         0  _printf_llo.o ABSOLUTE
    ../clib/printf_percent.s                 0x00000000   Number         0  _printf_llx.o ABSOLUTE
    ../clib/printf_percent.s                 0x00000000   Number         0  _printf_percent_end.o ABSOLUTE
    ../clib/scanf.c                          0x00000000   Number         0  atoi.o ABSOLUTE
    ../clib/scanf.c                          0x00000000   Number         0  strtoul.o ABSOLUTE
    ../clib/scanf.c                          0x00000000   Number         0  _strtoul.o ABSOLUTE
    ../clib/scanf.c                          0x00000000   Number         0  strtol.o ABSOLUTE
    ../clib/scanf.c                          0x00000000   Number         0  _chval.o ABSOLUTE
    ../clib/signal.c                         0x00000000   Number         0  defsig_rtmem_outer.o ABSOLUTE
    ../clib/signal.c                         0x00000000   Number         0  defsig_rtmem_formal.o ABSOLUTE
    ../clib/signal.c                         0x00000000   Number         0  defsig_exit.o ABSOLUTE
    ../clib/signal.c                         0x00000000   Number         0  defsig_rtmem_inner.o ABSOLUTE
    ../clib/signal.c                         0x00000000   Number         0  __raise.o ABSOLUTE
    ../clib/signal.c                         0x00000000   Number         0  defsig_general.o ABSOLUTE
    ../clib/signal.c                         0x00000000   Number         0  defsig_abrt_inner.o ABSOLUTE
    ../clib/signal.c                         0x00000000   Number         0  defsig_fpe_inner.o ABSOLUTE
    ../clib/signal.c                         0x00000000   Number         0  defsig_rtred_inner.o ABSOLUTE
    ../clib/signal.c                         0x00000000   Number         0  defsig_stak_inner.o ABSOLUTE
    ../clib/signal.c                         0x00000000   Number         0  defsig_pvfn_inner.o ABSOLUTE
    ../clib/signal.c                         0x00000000   Number         0  defsig_cppl_inner.o ABSOLUTE
    ../clib/signal.c                         0x00000000   Number         0  defsig_segv_inner.o ABSOLUTE
    ../clib/signal.c                         0x00000000   Number         0  defsig_other.o ABSOLUTE
    ../clib/signal.s                         0x00000000   Number         0  defsig.o ABSOLUTE
    ../clib/stdlib.c                         0x00000000   Number         0  exit.o ABSOLUTE
    ../clib/string.c                         0x00000000   Number         0  strtok.o ABSOLUTE
    ../clib/string.c                         0x00000000   Number         0  strchr.o ABSOLUTE
    ../clib/string.c                         0x00000000   Number         0  strtok_int.o ABSOLUTE
    ../clib/string.c                         0x00000000   Number         0  strcspn.o ABSOLUTE
    ../clib/string.c                         0x00000000   Number         0  strspn.o ABSOLUTE
    ../fplib/fpinit.s                        0x00000000   Number         0  fpinit.o ABSOLUTE
    ../fplib/istatus.s                       0x00000000   Number         0  istatus.o ABSOLUTE
    ../fplib/printf1.s                       0x00000000   Number         0  printf1.o ABSOLUTE
    ../fplib/printf2.s                       0x00000000   Number         0  printf2.o ABSOLUTE
    ../fplib/printf2a.s                      0x00000000   Number         0  printf2a.o ABSOLUTE
    ../fplib/printf2b.s                      0x00000000   Number         0  printf2b.o ABSOLUTE
    ../fplib/usenofp.s                       0x00000000   Number         0  usenofp.o ABSOLUTE
    ../mathlib/fpclassify.c                  0x00000000   Number         0  fpclassify.o ABSOLUTE
    RTE/Device/STM32F303K8Tx/startup_stm32f303x8.s 0x00000000   Number         0  startup_stm32f303x8.o ABSOLUTE
    UART.c                                   0x00000000   Number         0  uart.o ABSOLUTE
    dc.s                                     0x00000000   Number         0  dc.o ABSOLUTE
    main.c                                   0x00000000   Number         0  main.o ABSOLUTE
    myfunctions.s                            0x00000000   Number         0  myfunctions.o ABSOLUTE
    system_stm32f3xx.c                       0x00000000   Number         0  system_stm32f3xx.o ABSOLUTE
    RESET                                    0x08000000   Section      392  startup_stm32f303x8.o(RESET)
    !!!main                                  0x08000188   Section        8  __main.o(!!!main)
    !!!scatter                               0x08000190   Section       92  __scatter.o(!!!scatter)
    !!handler_copy                           0x080001ec   Section       26  __scatter_copy.o(!!handler_copy)
    !!handler_null                           0x08000208   Section        2  __scatter.o(!!handler_null)
    !!handler_zi                             0x0800020c   Section       28  __scatter_zi.o(!!handler_zi)
    .ARM.Collect$$_printf_percent$$00000000  0x08000228   Section        0  _printf_percent.o(.ARM.Collect$$_printf_percent$$00000000)
    .ARM.Collect$$_printf_percent$$00000001  0x08000228   Section        6  _printf_n.o(.ARM.Collect$$_printf_percent$$00000001)
    .ARM.Collect$$_printf_percent$$00000002  0x0800022e   Section        6  _printf_p.o(.ARM.Collect$$_printf_percent$$00000002)
    .ARM.Collect$$_printf_percent$$00000003  0x08000234   Section        6  _printf_f.o(.ARM.Collect$$_printf_percent$$00000003)
    .ARM.Collect$$_printf_percent$$00000004  0x0800023a   Section        6  _printf_e.o(.ARM.Collect$$_printf_percent$$00000004)
    .ARM.Collect$$_printf_percent$$00000005  0x08000240   Section        6  _printf_g.o(.ARM.Collect$$_printf_percent$$00000005)
    .ARM.Collect$$_printf_percent$$00000006  0x08000246   Section        6  _printf_a.o(.ARM.Collect$$_printf_percent$$00000006)
    .ARM.Collect$$_printf_percent$$00000007  0x0800024c   Section       10  _printf_ll.o(.ARM.Collect$$_printf_percent$$00000007)
    .ARM.Collect$$_printf_percent$$00000008  0x08000256   Section        6  _printf_i.o(.ARM.Collect$$_printf_percent$$00000008)
    .ARM.Collect$$_printf_percent$$00000009  0x0800025c   Section        6  _printf_d.o(.ARM.Collect$$_printf_percent$$00000009)
    .ARM.Collect$$_printf_percent$$0000000A  0x08000262   Section        6  _printf_u.o(.ARM.Collect$$_printf_percent$$0000000A)
    .ARM.Collect$$_printf_percent$$0000000B  0x08000268   Section        6  _printf_o.o(.ARM.Collect$$_printf_percent$$0000000B)
    .ARM.Collect$$_printf_percent$$0000000C  0x0800026e   Section        6  _printf_x.o(.ARM.Collect$$_printf_percent$$0000000C)
    .ARM.Collect$$_printf_percent$$0000000D  0x08000274   Section        6  _printf_lli.o(.ARM.Collect$$_printf_percent$$0000000D)
    .ARM.Collect$$_printf_percent$$0000000E  0x0800027a   Section        6  _printf_lld.o(.ARM.Collect$$_printf_percent$$0000000E)
    .ARM.Collect$$_printf_percent$$0000000F  0x08000280   Section        6  _printf_llu.o(.ARM.Collect$$_printf_percent$$0000000F)
    .ARM.Collect$$_printf_percent$$00000010  0x08000286   Section        6  _printf_llo.o(.ARM.Collect$$_printf_percent$$00000010)
    .ARM.Collect$$_printf_percent$$00000011  0x0800028c   Section        6  _printf_llx.o(.ARM.Collect$$_printf_percent$$00000011)
    .ARM.Collect$$_printf_percent$$00000012  0x08000292   Section       10  _printf_l.o(.ARM.Collect$$_printf_percent$$00000012)
    .ARM.Collect$$_printf_percent$$00000013  0x0800029c   Section        6  _printf_c.o(.ARM.Collect$$_printf_percent$$00000013)
    .ARM.Collect$$_printf_percent$$00000014  0x080002a2   Section        6  _printf_s.o(.ARM.Collect$$_printf_percent$$00000014)
    .ARM.Collect$$_printf_percent$$00000015  0x080002a8   Section        6  _printf_lc.o(.ARM.Collect$$_printf_percent$$00000015)
    .ARM.Collect$$_printf_percent$$00000016  0x080002ae   Section        6  _printf_ls.o(.ARM.Collect$$_printf_percent$$00000016)
    .ARM.Collect$$_printf_percent$$00000017  0x080002b4   Section        4  _printf_percent_end.o(.ARM.Collect$$_printf_percent$$00000017)
    .ARM.Collect$$libinit$$00000000          0x080002b8   Section        2  libinit.o(.ARM.Collect$$libinit$$00000000)
    .ARM.Collect$$libinit$$00000001          0x080002ba   Section        4  libinit2.o(.ARM.Collect$$libinit$$00000001)
    .ARM.Collect$$libinit$$00000004          0x080002be   Section        0  libinit2.o(.ARM.Collect$$libinit$$00000004)
    .ARM.Collect$$libinit$$00000006          0x080002be   Section        0  libinit2.o(.ARM.Collect$$libinit$$00000006)
    .ARM.Collect$$libinit$$0000000C          0x080002be   Section        0  libinit2.o(.ARM.Collect$$libinit$$0000000C)
    .ARM.Collect$$libinit$$0000000E          0x080002be   Section        0  libinit2.o(.ARM.Collect$$libinit$$0000000E)
    .ARM.Collect$$libinit$$00000010          0x080002be   Section        0  libinit2.o(.ARM.Collect$$libinit$$00000010)
    .ARM.Collect$$libinit$$00000011          0x080002be   Section        6  libinit2.o(.ARM.Collect$$libinit$$00000011)
    .ARM.Collect$$libinit$$00000013          0x080002c4   Section        0  libinit2.o(.ARM.Collect$$libinit$$00000013)
    .ARM.Collect$$libinit$$00000014          0x080002c4   Section       12  libinit2.o(.ARM.Collect$$libinit$$00000014)
    .ARM.Collect$$libinit$$00000015          0x080002d0   Section        0  libinit2.o(.ARM.Collect$$libinit$$00000015)
    .ARM.Collect$$libinit$$00000017          0x080002d0   Section        0  libinit2.o(.ARM.Collect$$libinit$$00000017)
    .ARM.Collect$$libinit$$00000018          0x080002d0   Section       10  libinit2.o(.ARM.Collect$$libinit$$00000018)
    .ARM.Collect$$libinit$$00000019          0x080002da   Section        0  libinit2.o(.ARM.Collect$$libinit$$00000019)
    .ARM.Collect$$libinit$$0000001B          0x080002da   Section        0  libinit2.o(.ARM.Collect$$libinit$$0000001B)
    .ARM.Collect$$libinit$$0000001D          0x080002da   Section        0  libinit2.o(.ARM.Collect$$libinit$$0000001D)
    .ARM.Collect$$libinit$$0000001F          0x080002da   Section        0  libinit2.o(.ARM.Collect$$libinit$$0000001F)
    .ARM.Collect$$libinit$$00000021          0x080002da   Section        0  libinit2.o(.ARM.Collect$$libinit$$00000021)
    .ARM.Collect$$libinit$$00000023          0x080002da   Section        0  libinit2.o(.ARM.Collect$$libinit$$00000023)
    .ARM.Collect$$libinit$$00000025          0x080002da   Section        0  libinit2.o(.ARM.Collect$$libinit$$00000025)
    .ARM.Collect$$libinit$$00000027          0x080002da   Section        0  libinit2.o(.ARM.Collect$$libinit$$00000027)
    .ARM.Collect$$libinit$$0000002E          0x080002da   Section        0  libinit2.o(.ARM.Collect$$libinit$$0000002E)
    .ARM.Collect$$libinit$$00000030          0x080002da   Section        0  libinit2.o(.ARM.Collect$$libinit$$00000030)
    .ARM.Collect$$libinit$$00000032          0x080002da   Section        0  libinit2.o(.ARM.Collect$$libinit$$00000032)
    .ARM.Collect$$libinit$$00000034          0x080002da   Section        0  libinit2.o(.ARM.Collect$$libinit$$00000034)
    .ARM.Collect$$libinit$$00000035          0x080002da   Section        2  libinit2.o(.ARM.Collect$$libinit$$00000035)
    .ARM.Collect$$libshutdown$$00000000      0x080002dc   Section        2  libshutdown.o(.ARM.Collect$$libshutdown$$00000000)
    .ARM.Collect$$libshutdown$$00000002      0x080002de   Section        0  libshutdown2.o(.ARM.Collect$$libshutdown$$00000002)
    .ARM.Collect$$libshutdown$$00000004      0x080002de   Section        0  libshutdown2.o(.ARM.Collect$$libshutdown$$00000004)
    .ARM.Collect$$libshutdown$$00000007      0x080002de   Section        0  libshutdown2.o(.ARM.Collect$$libshutdown$$00000007)
    .ARM.Collect$$libshutdown$$0000000A      0x080002de   Section        0  libshutdown2.o(.ARM.Collect$$libshutdown$$0000000A)
    .ARM.Collect$$libshutdown$$0000000C      0x080002de   Section        0  libshutdown2.o(.ARM.Collect$$libshutdown$$0000000C)
    .ARM.Collect$$libshutdown$$0000000F      0x080002de   Section        0  libshutdown2.o(.ARM.Collect$$libshutdown$$0000000F)
    .ARM.Collect$$libshutdown$$00000010      0x080002de   Section        2  libshutdown2.o(.ARM.Collect$$libshutdown$$00000010)
    .ARM.Collect$$rtentry$$00000000          0x080002e0   Section        0  __rtentry.o(.ARM.Collect$$rtentry$$00000000)
    .ARM.Collect$$rtentry$$00000002          0x080002e0   Section        0  __rtentry2.o(.ARM.Collect$$rtentry$$00000002)
    .ARM.Collect$$rtentry$$00000004          0x080002e0   Section        6  __rtentry4.o(.ARM.Collect$$rtentry$$00000004)
    .ARM.Collect$$rtentry$$00000009          0x080002e6   Section        0  __rtentry2.o(.ARM.Collect$$rtentry$$00000009)
    .ARM.Collect$$rtentry$$0000000A          0x080002e6   Section        4  __rtentry2.o(.ARM.Collect$$rtentry$$0000000A)
    .ARM.Collect$$rtentry$$0000000C          0x080002ea   Section        0  __rtentry2.o(.ARM.Collect$$rtentry$$0000000C)
    .ARM.Collect$$rtentry$$0000000D          0x080002ea   Section        8  __rtentry2.o(.ARM.Collect$$rtentry$$0000000D)
    .ARM.Collect$$rtexit$$00000000           0x080002f2   Section        2  rtexit.o(.ARM.Collect$$rtexit$$00000000)
    .ARM.Collect$$rtexit$$00000002           0x080002f4   Section        0  rtexit2.o(.ARM.Collect$$rtexit$$00000002)
    .ARM.Collect$$rtexit$$00000003           0x080002f4   Section        4  rtexit2.o(.ARM.Collect$$rtexit$$00000003)
    .ARM.Collect$$rtexit$$00000004           0x080002f8   Section        6  rtexit2.o(.ARM.Collect$$rtexit$$00000004)
    $v0                                      0x08000300   Number         0  myfunctions.o(.text)
    .text                                    0x08000300   Section      236  myfunctions.o(.text)
    $v0                                      0x080003ec   Number         0  startup_stm32f303x8.o(.text)
    .text                                    0x080003ec   Section       64  startup_stm32f303x8.o(.text)
    .text                                    0x0800042c   Section        0  sprintf.o(.text)
    .text                                    0x08000458   Section        0  atoi.o(.text)
    .text                                    0x08000472   Section        0  strtoul.o(.text)
    .text                                    0x080004e4   Section        0  strtok.o(.text)
    .text                                    0x080004f0   Section        0  strchr.o(.text)
    .text                                    0x08000504   Section       16  aeabi_memset.o(.text)
    .text                                    0x08000518   Section      124  strcmpv7em.o(.text)
    .text                                    0x08000594   Section        0  heapauxi.o(.text)
    .text                                    0x0800059c   Section       16  rt_ctype_table.o(.text)
    .text                                    0x080005ac   Section        8  rt_errno_addr_intlibspace.o(.text)
    .text                                    0x080005b4   Section        0  _printf_pad.o(.text)
    .text                                    0x08000602   Section        0  _printf_truncate.o(.text)
    .text                                    0x08000626   Section        0  _printf_str.o(.text)
    .text                                    0x08000678   Section        0  _printf_dec.o(.text)
    .text                                    0x080006f0   Section        0  _printf_charcount.o(.text)
    _printf_input_char                       0x08000719   Thumb Code    10  _printf_char_common.o(.text)
    .text                                    0x08000718   Section        0  _printf_char_common.o(.text)
    .text                                    0x08000748   Section        0  _sputc.o(.text)
    .text                                    0x08000754   Section        0  _printf_wctomb.o(.text)
    .text                                    0x08000810   Section        0  _printf_longlong_dec.o(.text)
    _printf_longlong_oct_internal            0x0800088d   Thumb Code     0  _printf_oct_int_ll.o(.text)
    .text                                    0x0800088c   Section        0  _printf_oct_int_ll.o(.text)
    _printf_hex_common                       0x080008fd   Thumb Code     0  _printf_hex_int_ll_ptr.o(.text)
    .text                                    0x080008fc   Section        0  _printf_hex_int_ll_ptr.o(.text)
    .text                                    0x08000990   Section        0  __printf_flags_ss_wp.o(.text)
    .text                                    0x08000b18   Section        0  _strtoul.o(.text)
    .text                                    0x08000bb6   Section        0  strtol.o(.text)
    .text                                    0x08000c28   Section        0  strtok_int.o(.text)
    .text                                    0x08000c6c   Section       68  rt_memclr.o(.text)
    .text                                    0x08000cb0   Section        8  libspace.o(.text)
    .text                                    0x08000cb8   Section        8  rt_locale_intlibspace.o(.text)
    .text                                    0x08000cc0   Section      138  lludiv10.o(.text)
    .text                                    0x08000d4a   Section        0  _printf_intcommon.o(.text)
    _fp_digits                               0x08000dfd   Thumb Code   432  _printf_fp_dec.o(.text)
    .text                                    0x08000dfc   Section        0  _printf_fp_dec.o(.text)
    .text                                    0x08001218   Section        0  _printf_fp_hex.o(.text)
    .text                                    0x08001514   Section        0  _printf_char.o(.text)
    .text                                    0x08001540   Section        0  _printf_wchar.o(.text)
    .text                                    0x0800156c   Section        0  _chval.o(.text)
    .text                                    0x08001588   Section        0  _c16rtomb.o(.text)
    .text                                    0x080015d0   Section        0  strcspn.o(.text)
    .text                                    0x080015f0   Section        0  strspn.o(.text)
    .text                                    0x0800160c   Section       78  rt_memclr_w.o(.text)
    .text                                    0x0800165a   Section       74  sys_stackheap_outer.o(.text)
    .text                                    0x080016a4   Section        0  _printf_fp_infnan.o(.text)
    .text                                    0x08001724   Section        0  bigflt0.o(.text)
    .text                                    0x08001808   Section        0  exit.o(.text)
    .text                                    0x0800181c   Section        0  sys_exit.o(.text)
    .text                                    0x08001828   Section        2  use_no_semi.o(.text)
    .text                                    0x0800182a   Section        0  indicate_semi.o(.text)
    [Anonymous Symbol]                       0x0800182c   Section        0  system_stm32f3xx.o(.text.SystemInit)
    [Anonymous Symbol]                       0x08001840   Section        0  uart.o(.text.USART2_IRQHandler)
    [Anonymous Symbol]                       0x080018c0   Section        0  uart.o(.text.USART_Send)
    [Anonymous Symbol]                       0x080018f0   Section        0  uart.o(.text.USART_config)
    [Anonymous Symbol]                       0x08001988   Section        0  uart.o(.text.USART_putString)
    __NVIC_EnableIRQ                         0x080019ad   Thumb Code    48  uart.o(.text.__NVIC_EnableIRQ)
    [Anonymous Symbol]                       0x080019ac   Section        0  uart.o(.text.__NVIC_EnableIRQ)
    [Anonymous Symbol]                       0x080019dc   Section        0  main.o(.text.bf)
    [Anonymous Symbol]                       0x08001b2c   Section        0  main.o(.text.call)
    [Anonymous Symbol]                       0x08001b58   Section        0  main.o(.text.funcion)
    [Anonymous Symbol]                       0x08001b84   Section        0  main.o(.text.main)
    [Anonymous Symbol]                       0x08001bbc   Section        0  main.o(.text.md)
    [Anonymous Symbol]                       0x08001c30   Section        0  main.o(.text.miFuncion)
    [Anonymous Symbol]                       0x08001c54   Section        0  main.o(.text.mm)
    [Anonymous Symbol]                       0x08001d2c   Section        0  main.o(.text.rd)
    [Anonymous Symbol]                       0x08001d74   Section        0  main.o(.text.rm)
    [Anonymous Symbol]                       0x08001e14   Section        0  main.o(.text.run)
    [Anonymous Symbol]                       0x08001e40   Section        0  main.o(.text.rutinaprincipal)
    CL$$btod_d2e                             0x080020fa   Section       62  btod.o(CL$$btod_d2e)
    CL$$btod_d2e_denorm_low                  0x08002138   Section       70  btod.o(CL$$btod_d2e_denorm_low)
    CL$$btod_d2e_norm_op1                    0x0800217e   Section       96  btod.o(CL$$btod_d2e_norm_op1)
    CL$$btod_div_common                      0x080021e0   Section      824  btod.o(CL$$btod_div_common)
    CL$$btod_e2e                             0x08002518   Section      220  btod.o(CL$$btod_e2e)
    CL$$btod_ediv                            0x080025f4   Section       42  btod.o(CL$$btod_ediv)
    CL$$btod_emul                            0x0800261e   Section       42  btod.o(CL$$btod_emul)
    CL$$btod_mult_common                     0x08002648   Section      580  btod.o(CL$$btod_mult_common)
    i.__ARM_fpclassify                       0x0800288c   Section        0  fpclassify.o(i.__ARM_fpclassify)
    i._is_digit                              0x080028bc   Section        0  __printf_wp.o(i._is_digit)
    locale$$code                             0x080028cc   Section       44  lc_ctype_c.o(locale$$code)
    locale$$code                             0x080028f8   Section       44  lc_numeric_c.o(locale$$code)
    $v0                                      0x08002924   Number         0  fpinit.o(x$fpl$fpinit)
    x$fpl$fpinit                             0x08002924   Section       26  fpinit.o(x$fpl$fpinit)
    $v0                                      0x0800293e   Number         0  printf1.o(x$fpl$printf1)
    x$fpl$printf1                            0x0800293e   Section        4  printf1.o(x$fpl$printf1)
    $v0                                      0x08002942   Number         0  printf2.o(x$fpl$printf2)
    x$fpl$printf2                            0x08002942   Section        4  printf2.o(x$fpl$printf2)
    x$fpl$usenofp                            0x08002946   Section        0  usenofp.o(x$fpl$usenofp)
    initial_mbstate                          0x08002948   Data           8  _printf_wctomb.o(.constdata)
    .constdata                               0x08002948   Section        8  _printf_wctomb.o(.constdata)
    uc_hextab                                0x08002950   Data          20  _printf_hex_int_ll_ptr.o(.constdata)
    .constdata                               0x08002950   Section       40  _printf_hex_int_ll_ptr.o(.constdata)
    lc_hextab                                0x08002964   Data          20  _printf_hex_int_ll_ptr.o(.constdata)
    maptable                                 0x08002978   Data          17  __printf_flags_ss_wp.o(.constdata)
    .constdata                               0x08002978   Section       17  __printf_flags_ss_wp.o(.constdata)
    lc_hextab                                0x08002989   Data          19  _printf_fp_hex.o(.constdata)
    .constdata                               0x08002989   Section       38  _printf_fp_hex.o(.constdata)
    uc_hextab                                0x0800299c   Data          19  _printf_fp_hex.o(.constdata)
    tenpwrs_x                                0x080029b0   Data          60  bigflt0.o(.constdata)
    .constdata                               0x080029b0   Section      148  bigflt0.o(.constdata)
    tenpwrs_i                                0x080029ec   Data          64  bigflt0.o(.constdata)
    .L.str.25                                0x08002a44   Data          58  main.o(.rodata.str1.1)
    [Anonymous Symbol]                       0x08002a44   Section        0  main.o(.rodata.str1.1)
    .L.str.22                                0x08002a7e   Data          30  main.o(.rodata.str1.1)
    .L.str.24                                0x08002a9c   Data          56  main.o(.rodata.str1.1)
    .L.str.23                                0x08002ad4   Data          58  main.o(.rodata.str1.1)
    .L.str.2                                 0x08002b0e   Data          29  main.o(.rodata.str1.1)
    .L.str                                   0x08002b2b   Data          14  main.o(.rodata.str1.1)
    .L.str.1                                 0x08002b39   Data          16  main.o(.rodata.str1.1)
    .L.str.6                                 0x08002b49   Data          57  main.o(.rodata.str1.1)
    .L.str.5                                 0x08002b82   Data          48  main.o(.rodata.str1.1)
    .L.str.11                                0x08002bb2   Data          29  main.o(.rodata.str1.1)
    .L.str.8                                 0x08002bcf   Data          20  main.o(.rodata.str1.1)
    .L.str.9                                 0x08002be3   Data          20  main.o(.rodata.str1.1)
    .L.str.7                                 0x08002bf7   Data          25  main.o(.rodata.str1.1)
    .L.str.10                                0x08002c10   Data          18  main.o(.rodata.str1.1)
    .L.str.12                                0x08002c22   Data          37  main.o(.rodata.str1.1)
    .L.str.4                                 0x08002c47   Data          31  main.o(.rodata.str1.1)
    .L.str.13                                0x08002c66   Data           4  main.o(.rodata.str1.1)
    .L.str.14                                0x08002c6a   Data           3  main.o(.rodata.str1.1)
    .L.str.20                                0x08002c6d   Data           3  main.o(.rodata.str1.1)
    .L.str.17                                0x08002c70   Data           3  main.o(.rodata.str1.1)
    .L.str.19                                0x08002c73   Data           5  main.o(.rodata.str1.1)
    .L.str.15                                0x08002c78   Data           3  main.o(.rodata.str1.1)
    .L.str.16                                0x08002c7b   Data           3  main.o(.rodata.str1.1)
    .L.str.18                                0x08002c7e   Data           4  main.o(.rodata.str1.1)
    .L.str.21                                0x08002c82   Data           8  main.o(.rodata.str1.1)
    .L.str.3                                 0x08002c89   Data           1  main.o(.rodata.str1.1)
    locale$$data                             0x08002cac   Section      272  lc_ctype_c.o(locale$$data)
    __lcctype_c_name                         0x08002cb0   Data           2  lc_ctype_c.o(locale$$data)
    __lcctype_c_start                        0x08002cb8   Data           0  lc_ctype_c.o(locale$$data)
    __lcctype_c_end                          0x08002dbc   Data           0  lc_ctype_c.o(locale$$data)
    locale$$data                             0x08002dbc   Section       28  lc_numeric_c.o(locale$$data)
    __lcnum_c_name                           0x08002dc0   Data           2  lc_numeric_c.o(locale$$data)
    __lcnum_c_start                          0x08002dc8   Data           0  lc_numeric_c.o(locale$$data)
    __lcnum_c_point                          0x08002dd4   Data           0  lc_numeric_c.o(locale$$data)
    __lcnum_c_thousands                      0x08002dd6   Data           0  lc_numeric_c.o(locale$$data)
    __lcnum_c_grouping                       0x08002dd7   Data           0  lc_numeric_c.o(locale$$data)
    __lcnum_c_end                            0x08002dd8   Data           0  lc_numeric_c.o(locale$$data)
    _strtok_saves1                           0x20000000   Data           4  strtok.o(.data)
    .data                                    0x20000000   Section        4  strtok.o(.data)
    .bss                                     0x20000010   Section       96  libspace.o(.bss)
    Heap_Mem                                 0x20000110   Data         512  startup_stm32f303x8.o(HEAP)
    HEAP                                     0x20000110   Section      512  startup_stm32f303x8.o(HEAP)
    Stack_Mem                                0x20000310   Data        1024  startup_stm32f303x8.o(STACK)
    STACK                                    0x20000310   Section     1024  startup_stm32f303x8.o(STACK)
    __initial_sp                             0x20000710   Data           0  startup_stm32f303x8.o(STACK)

    Global Symbols

    Symbol Name                              Value     Ov Type        Size  Object(Section)

    BuildAttributes$$THM_ISAv4$E$P$D$K$B$S$7EM$VFPi3$EXTD16$VFPS$VFMA$PE$A:L22UL41UL21$X:L11$S22US41US21$IEEE1$IW$~IW$USESV6$~STKCKD$USESV7$~SHL$OTIME$ROPI$IEEEJ$EBA8$UX$STANDARDLIB$REQ8$PRES8$EABIv2 0x00000000   Number         0  anon$$obj.o ABSOLUTE
    _printf_flags                            0x00000000   Number         0  printf_stubs.o ABSOLUTE
    _printf_return_value                     0x00000000   Number         0  printf_stubs.o ABSOLUTE
    _printf_sizespec                         0x00000000   Number         0  printf_stubs.o ABSOLUTE
    _printf_widthprec                        0x00000000   Number         0  printf_stubs.o ABSOLUTE
    __ARM_exceptions_init                     - Undefined Weak Reference
    __alloca_initialize                       - Undefined Weak Reference
    __arm_preinit_                            - Undefined Weak Reference
    __arm_relocate_pie_                       - Undefined Weak Reference
    __cpp_initialize__aeabi_                  - Undefined Weak Reference
    __cxa_finalize                            - Undefined Weak Reference
    __sigvec_lookup                           - Undefined Weak Reference
    _atexit_init                              - Undefined Weak Reference
    _call_atexit_fns                          - Undefined Weak Reference
    _clock_init                               - Undefined Weak Reference
    _fp_trap_init                             - Undefined Weak Reference
    _fp_trap_shutdown                         - Undefined Weak Reference
    _get_lc_collate                           - Undefined Weak Reference
    _get_lc_monetary                          - Undefined Weak Reference
    _get_lc_time                              - Undefined Weak Reference
    _getenv_init                              - Undefined Weak Reference
    _handle_redirection                       - Undefined Weak Reference
    _init_alloc                               - Undefined Weak Reference
    _init_user_alloc                          - Undefined Weak Reference
    _initio                                   - Undefined Weak Reference
    _printf_mbtowc                            - Undefined Weak Reference
    _printf_wc                                - Undefined Weak Reference
    _rand_init                                - Undefined Weak Reference
    _signal_finish                            - Undefined Weak Reference
    _signal_init                              - Undefined Weak Reference
    _terminate_alloc                          - Undefined Weak Reference
    _terminate_user_alloc                     - Undefined Weak Reference
    _terminateio                              - Undefined Weak Reference
    __Vectors_Size                           0x00000188   Number         0  startup_stm32f303x8.o ABSOLUTE
    __Vectors                                0x08000000   Data           4  startup_stm32f303x8.o(RESET)
    __Vectors_End                            0x08000188   Data           0  startup_stm32f303x8.o(RESET)
    __main                                   0x08000189   Thumb Code     8  __main.o(!!!main)
    __scatterload                            0x08000191   Thumb Code     0  __scatter.o(!!!scatter)
    __scatterload_rt2                        0x08000191   Thumb Code    84  __scatter.o(!!!scatter)
    __scatterload_rt2_thumb_only             0x08000191   Thumb Code     0  __scatter.o(!!!scatter)
    __scatterload_loop                       0x0800019b   Thumb Code     0  __scatter.o(!!!scatter)
    __scatterload_copy                       0x080001ed   Thumb Code    26  __scatter_copy.o(!!handler_copy)
    __scatterload_null                       0x08000209   Thumb Code     2  __scatter.o(!!handler_null)
    __scatterload_zeroinit                   0x0800020d   Thumb Code    28  __scatter_zi.o(!!handler_zi)
    _printf_n                                0x08000229   Thumb Code     0  _printf_n.o(.ARM.Collect$$_printf_percent$$00000001)
    _printf_percent                          0x08000229   Thumb Code     0  _printf_percent.o(.ARM.Collect$$_printf_percent$$00000000)
    _printf_p                                0x0800022f   Thumb Code     0  _printf_p.o(.ARM.Collect$$_printf_percent$$00000002)
    _printf_f                                0x08000235   Thumb Code     0  _printf_f.o(.ARM.Collect$$_printf_percent$$00000003)
    _printf_e                                0x0800023b   Thumb Code     0  _printf_e.o(.ARM.Collect$$_printf_percent$$00000004)
    _printf_g                                0x08000241   Thumb Code     0  _printf_g.o(.ARM.Collect$$_printf_percent$$00000005)
    _printf_a                                0x08000247   Thumb Code     0  _printf_a.o(.ARM.Collect$$_printf_percent$$00000006)
    _printf_ll                               0x0800024d   Thumb Code     0  _printf_ll.o(.ARM.Collect$$_printf_percent$$00000007)
    _printf_i                                0x08000257   Thumb Code     0  _printf_i.o(.ARM.Collect$$_printf_percent$$00000008)
    _printf_d                                0x0800025d   Thumb Code     0  _printf_d.o(.ARM.Collect$$_printf_percent$$00000009)
    _printf_u                                0x08000263   Thumb Code     0  _printf_u.o(.ARM.Collect$$_printf_percent$$0000000A)
    _printf_o                                0x08000269   Thumb Code     0  _printf_o.o(.ARM.Collect$$_printf_percent$$0000000B)
    _printf_x                                0x0800026f   Thumb Code     0  _printf_x.o(.ARM.Collect$$_printf_percent$$0000000C)
    _printf_lli                              0x08000275   Thumb Code     0  _printf_lli.o(.ARM.Collect$$_printf_percent$$0000000D)
    _printf_lld                              0x0800027b   Thumb Code     0  _printf_lld.o(.ARM.Collect$$_printf_percent$$0000000E)
    _printf_llu                              0x08000281   Thumb Code     0  _printf_llu.o(.ARM.Collect$$_printf_percent$$0000000F)
    _printf_llo                              0x08000287   Thumb Code     0  _printf_llo.o(.ARM.Collect$$_printf_percent$$00000010)
    _printf_llx                              0x0800028d   Thumb Code     0  _printf_llx.o(.ARM.Collect$$_printf_percent$$00000011)
    _printf_l                                0x08000293   Thumb Code     0  _printf_l.o(.ARM.Collect$$_printf_percent$$00000012)
    _printf_c                                0x0800029d   Thumb Code     0  _printf_c.o(.ARM.Collect$$_printf_percent$$00000013)
    _printf_s                                0x080002a3   Thumb Code     0  _printf_s.o(.ARM.Collect$$_printf_percent$$00000014)
    _printf_lc                               0x080002a9   Thumb Code     0  _printf_lc.o(.ARM.Collect$$_printf_percent$$00000015)
    _printf_ls                               0x080002af   Thumb Code     0  _printf_ls.o(.ARM.Collect$$_printf_percent$$00000016)
    _printf_percent_end                      0x080002b5   Thumb Code     0  _printf_percent_end.o(.ARM.Collect$$_printf_percent$$00000017)
    __rt_lib_init                            0x080002b9   Thumb Code     0  libinit.o(.ARM.Collect$$libinit$$00000000)
    __rt_lib_init_fp_1                       0x080002bb   Thumb Code     0  libinit2.o(.ARM.Collect$$libinit$$00000001)
    __rt_lib_init_heap_1                     0x080002bf   Thumb Code     0  libinit2.o(.ARM.Collect$$libinit$$0000000C)
    __rt_lib_init_lc_common                  0x080002bf   Thumb Code     0  libinit2.o(.ARM.Collect$$libinit$$00000011)
    __rt_lib_init_preinit_1                  0x080002bf   Thumb Code     0  libinit2.o(.ARM.Collect$$libinit$$00000006)
    __rt_lib_init_rand_1                     0x080002bf   Thumb Code     0  libinit2.o(.ARM.Collect$$libinit$$00000010)
    __rt_lib_init_relocate_pie_1             0x080002bf   Thumb Code     0  libinit2.o(.ARM.Collect$$libinit$$00000004)
    __rt_lib_init_user_alloc_1               0x080002bf   Thumb Code     0  libinit2.o(.ARM.Collect$$libinit$$0000000E)
    __rt_lib_init_lc_collate_1               0x080002c5   Thumb Code     0  libinit2.o(.ARM.Collect$$libinit$$00000013)
    __rt_lib_init_lc_ctype_2                 0x080002c5   Thumb Code     0  libinit2.o(.ARM.Collect$$libinit$$00000014)
    __rt_lib_init_lc_ctype_1                 0x080002d1   Thumb Code     0  libinit2.o(.ARM.Collect$$libinit$$00000015)
    __rt_lib_init_lc_monetary_1              0x080002d1   Thumb Code     0  libinit2.o(.ARM.Collect$$libinit$$00000017)
    __rt_lib_init_lc_numeric_2               0x080002d1   Thumb Code     0  libinit2.o(.ARM.Collect$$libinit$$00000018)
    __rt_lib_init_alloca_1                   0x080002db   Thumb Code     0  libinit2.o(.ARM.Collect$$libinit$$00000030)
    __rt_lib_init_argv_1                     0x080002db   Thumb Code     0  libinit2.o(.ARM.Collect$$libinit$$0000002E)
    __rt_lib_init_atexit_1                   0x080002db   Thumb Code     0  libinit2.o(.ARM.Collect$$libinit$$0000001D)
    __rt_lib_init_clock_1                    0x080002db   Thumb Code     0  libinit2.o(.ARM.Collect$$libinit$$00000023)
    __rt_lib_init_cpp_1                      0x080002db   Thumb Code     0  libinit2.o(.ARM.Collect$$libinit$$00000034)
    __rt_lib_init_exceptions_1               0x080002db   Thumb Code     0  libinit2.o(.ARM.Collect$$libinit$$00000032)
    __rt_lib_init_fp_trap_1                  0x080002db   Thumb Code     0  libinit2.o(.ARM.Collect$$libinit$$00000021)
    __rt_lib_init_getenv_1                   0x080002db   Thumb Code     0  libinit2.o(.ARM.Collect$$libinit$$00000025)
    __rt_lib_init_lc_numeric_1               0x080002db   Thumb Code     0  libinit2.o(.ARM.Collect$$libinit$$00000019)
    __rt_lib_init_lc_time_1                  0x080002db   Thumb Code     0  libinit2.o(.ARM.Collect$$libinit$$0000001B)
    __rt_lib_init_return                     0x080002db   Thumb Code     0  libinit2.o(.ARM.Collect$$libinit$$00000035)
    __rt_lib_init_signal_1                   0x080002db   Thumb Code     0  libinit2.o(.ARM.Collect$$libinit$$0000001F)
    __rt_lib_init_stdio_1                    0x080002db   Thumb Code     0  libinit2.o(.ARM.Collect$$libinit$$00000027)
    __rt_lib_shutdown                        0x080002dd   Thumb Code     0  libshutdown.o(.ARM.Collect$$libshutdown$$00000000)
    __rt_lib_shutdown_cpp_1                  0x080002df   Thumb Code     0  libshutdown2.o(.ARM.Collect$$libshutdown$$00000002)
    __rt_lib_shutdown_fp_trap_1              0x080002df   Thumb Code     0  libshutdown2.o(.ARM.Collect$$libshutdown$$00000007)
    __rt_lib_shutdown_heap_1                 0x080002df   Thumb Code     0  libshutdown2.o(.ARM.Collect$$libshutdown$$0000000F)
    __rt_lib_shutdown_return                 0x080002df   Thumb Code     0  libshutdown2.o(.ARM.Collect$$libshutdown$$00000010)
    __rt_lib_shutdown_signal_1               0x080002df   Thumb Code     0  libshutdown2.o(.ARM.Collect$$libshutdown$$0000000A)
    __rt_lib_shutdown_stdio_1                0x080002df   Thumb Code     0  libshutdown2.o(.ARM.Collect$$libshutdown$$00000004)
    __rt_lib_shutdown_user_alloc_1           0x080002df   Thumb Code     0  libshutdown2.o(.ARM.Collect$$libshutdown$$0000000C)
    __rt_entry                               0x080002e1   Thumb Code     0  __rtentry.o(.ARM.Collect$$rtentry$$00000000)
    __rt_entry_presh_1                       0x080002e1   Thumb Code     0  __rtentry2.o(.ARM.Collect$$rtentry$$00000002)
    __rt_entry_sh                            0x080002e1   Thumb Code     0  __rtentry4.o(.ARM.Collect$$rtentry$$00000004)
    __rt_entry_li                            0x080002e7   Thumb Code     0  __rtentry2.o(.ARM.Collect$$rtentry$$0000000A)
    __rt_entry_postsh_1                      0x080002e7   Thumb Code     0  __rtentry2.o(.ARM.Collect$$rtentry$$00000009)
    __rt_entry_main                          0x080002eb   Thumb Code     0  __rtentry2.o(.ARM.Collect$$rtentry$$0000000D)
    __rt_entry_postli_1                      0x080002eb   Thumb Code     0  __rtentry2.o(.ARM.Collect$$rtentry$$0000000C)
    __rt_exit                                0x080002f3   Thumb Code     0  rtexit.o(.ARM.Collect$$rtexit$$00000000)
    __rt_exit_ls                             0x080002f5   Thumb Code     0  rtexit2.o(.ARM.Collect$$rtexit$$00000003)
    __rt_exit_prels_1                        0x080002f5   Thumb Code     0  rtexit2.o(.ARM.Collect$$rtexit$$00000002)
    __rt_exit_exit                           0x080002f9   Thumb Code     0  rtexit2.o(.ARM.Collect$$rtexit$$00000004)
    RUN                                      0x08000301   Thumb Code     0  myfunctions.o(.text)
    CALL                                     0x08000307   Thumb Code     0  myfunctions.o(.text)
    display                                  0x0800030d   Thumb Code     0  myfunctions.o(.text)
    rmodify                                  0x08000387   Thumb Code     0  myfunctions.o(.text)
    Reset_Handler                            0x080003ed   Thumb Code     8  startup_stm32f303x8.o(.text)
    NMI_Handler                              0x080003f5   Thumb Code     2  startup_stm32f303x8.o(.text)
    HardFault_Handler                        0x080003f7   Thumb Code     2  startup_stm32f303x8.o(.text)
    MemManage_Handler                        0x080003f9   Thumb Code     2  startup_stm32f303x8.o(.text)
    BusFault_Handler                         0x080003fb   Thumb Code     2  startup_stm32f303x8.o(.text)
    UsageFault_Handler                       0x080003fd   Thumb Code     2  startup_stm32f303x8.o(.text)
    SVC_Handler                              0x080003ff   Thumb Code     2  startup_stm32f303x8.o(.text)
    DebugMon_Handler                         0x08000401   Thumb Code     2  startup_stm32f303x8.o(.text)
    PendSV_Handler                           0x08000403   Thumb Code     2  startup_stm32f303x8.o(.text)
    SysTick_Handler                          0x08000405   Thumb Code     2  startup_stm32f303x8.o(.text)
    ADC1_2_IRQHandler                        0x08000407   Thumb Code     0  startup_stm32f303x8.o(.text)
    CAN_RX0_IRQHandler                       0x08000407   Thumb Code     0  startup_stm32f303x8.o(.text)
    CAN_RX1_IRQHandler                       0x08000407   Thumb Code     0  startup_stm32f303x8.o(.text)
    CAN_SCE_IRQHandler                       0x08000407   Thumb Code     0  startup_stm32f303x8.o(.text)
    CAN_TX_IRQHandler                        0x08000407   Thumb Code     0  startup_stm32f303x8.o(.text)
    COMP2_IRQHandler                         0x08000407   Thumb Code     0  startup_stm32f303x8.o(.text)
    COMP4_6_IRQHandler                       0x08000407   Thumb Code     0  startup_stm32f303x8.o(.text)
    DMA1_Channel1_IRQHandler                 0x08000407   Thumb Code     0  startup_stm32f303x8.o(.text)
    DMA1_Channel2_IRQHandler                 0x08000407   Thumb Code     0  startup_stm32f303x8.o(.text)
    DMA1_Channel3_IRQHandler                 0x08000407   Thumb Code     0  startup_stm32f303x8.o(.text)
    DMA1_Channel4_IRQHandler                 0x08000407   Thumb Code     0  startup_stm32f303x8.o(.text)
    DMA1_Channel5_IRQHandler                 0x08000407   Thumb Code     0  startup_stm32f303x8.o(.text)
    DMA1_Channel6_IRQHandler                 0x08000407   Thumb Code     0  startup_stm32f303x8.o(.text)
    DMA1_Channel7_IRQHandler                 0x08000407   Thumb Code     0  startup_stm32f303x8.o(.text)
    EXTI0_IRQHandler                         0x08000407   Thumb Code     0  startup_stm32f303x8.o(.text)
    EXTI15_10_IRQHandler                     0x08000407   Thumb Code     0  startup_stm32f303x8.o(.text)
    EXTI1_IRQHandler                         0x08000407   Thumb Code     0  startup_stm32f303x8.o(.text)
    EXTI2_TSC_IRQHandler                     0x08000407   Thumb Code     0  startup_stm32f303x8.o(.text)
    EXTI3_IRQHandler                         0x08000407   Thumb Code     0  startup_stm32f303x8.o(.text)
    EXTI4_IRQHandler                         0x08000407   Thumb Code     0  startup_stm32f303x8.o(.text)
    EXTI9_5_IRQHandler                       0x08000407   Thumb Code     0  startup_stm32f303x8.o(.text)
    FLASH_IRQHandler                         0x08000407   Thumb Code     0  startup_stm32f303x8.o(.text)
    FPU_IRQHandler                           0x08000407   Thumb Code     0  startup_stm32f303x8.o(.text)
    I2C1_ER_IRQHandler                       0x08000407   Thumb Code     0  startup_stm32f303x8.o(.text)
    I2C1_EV_IRQHandler                       0x08000407   Thumb Code     0  startup_stm32f303x8.o(.text)
    PVD_IRQHandler                           0x08000407   Thumb Code     0  startup_stm32f303x8.o(.text)
    RCC_IRQHandler                           0x08000407   Thumb Code     0  startup_stm32f303x8.o(.text)
    RTC_Alarm_IRQHandler                     0x08000407   Thumb Code     0  startup_stm32f303x8.o(.text)
    RTC_WKUP_IRQHandler                      0x08000407   Thumb Code     0  startup_stm32f303x8.o(.text)
    SPI1_IRQHandler                          0x08000407   Thumb Code     0  startup_stm32f303x8.o(.text)
    TAMP_STAMP_IRQHandler                    0x08000407   Thumb Code     0  startup_stm32f303x8.o(.text)
    TIM1_BRK_TIM15_IRQHandler                0x08000407   Thumb Code     0  startup_stm32f303x8.o(.text)
    TIM1_CC_IRQHandler                       0x08000407   Thumb Code     0  startup_stm32f303x8.o(.text)
    TIM1_TRG_COM_TIM17_IRQHandler            0x08000407   Thumb Code     0  startup_stm32f303x8.o(.text)
    TIM1_UP_TIM16_IRQHandler                 0x08000407   Thumb Code     0  startup_stm32f303x8.o(.text)
    TIM2_IRQHandler                          0x08000407   Thumb Code     0  startup_stm32f303x8.o(.text)
    TIM3_IRQHandler                          0x08000407   Thumb Code     0  startup_stm32f303x8.o(.text)
    TIM6_DAC1_IRQHandler                     0x08000407   Thumb Code     0  startup_stm32f303x8.o(.text)
    TIM7_DAC2_IRQHandler                     0x08000407   Thumb Code     0  startup_stm32f303x8.o(.text)
    USART1_IRQHandler                        0x08000407   Thumb Code     0  startup_stm32f303x8.o(.text)
    USART3_IRQHandler                        0x08000407   Thumb Code     0  startup_stm32f303x8.o(.text)
    WWDG_IRQHandler                          0x08000407   Thumb Code     0  startup_stm32f303x8.o(.text)
    __user_initial_stackheap                 0x08000409   Thumb Code     0  startup_stm32f303x8.o(.text)
    sprintf                                  0x0800042d   Thumb Code    38  sprintf.o(.text)
    atoi                                     0x08000459   Thumb Code    26  atoi.o(.text)
    strtoul                                  0x08000473   Thumb Code   114  strtoul.o(.text)
    strtok                                   0x080004e5   Thumb Code     6  strtok.o(.text)
    strchr                                   0x080004f1   Thumb Code    20  strchr.o(.text)
    __aeabi_memset                           0x08000505   Thumb Code    16  aeabi_memset.o(.text)
    strcmp                                   0x08000519   Thumb Code   124  strcmpv7em.o(.text)
    __use_two_region_memory                  0x08000595   Thumb Code     2  heapauxi.o(.text)
    __rt_heap_escrow$2region                 0x08000597   Thumb Code     2  heapauxi.o(.text)
    __rt_heap_expand$2region                 0x08000599   Thumb Code     2  heapauxi.o(.text)
    __rt_ctype_table                         0x0800059d   Thumb Code    16  rt_ctype_table.o(.text)
    __aeabi_errno_addr                       0x080005ad   Thumb Code     8  rt_errno_addr_intlibspace.o(.text)
    __errno$intlibspace                      0x080005ad   Thumb Code     0  rt_errno_addr_intlibspace.o(.text)
    __rt_errno_addr$intlibspace              0x080005ad   Thumb Code     0  rt_errno_addr_intlibspace.o(.text)
    _printf_pre_padding                      0x080005b5   Thumb Code    44  _printf_pad.o(.text)
    _printf_post_padding                     0x080005e1   Thumb Code    34  _printf_pad.o(.text)
    _printf_truncate_signed                  0x08000603   Thumb Code    18  _printf_truncate.o(.text)
    _printf_truncate_unsigned                0x08000615   Thumb Code    18  _printf_truncate.o(.text)
    _printf_str                              0x08000627   Thumb Code    82  _printf_str.o(.text)
    _printf_int_dec                          0x08000679   Thumb Code   104  _printf_dec.o(.text)
    _printf_charcount                        0x080006f1   Thumb Code    40  _printf_charcount.o(.text)
    _printf_char_common                      0x08000723   Thumb Code    32  _printf_char_common.o(.text)
    _sputc                                   0x08000749   Thumb Code    10  _sputc.o(.text)
    _printf_wctomb                           0x08000755   Thumb Code   182  _printf_wctomb.o(.text)
    _printf_longlong_dec                     0x08000811   Thumb Code   108  _printf_longlong_dec.o(.text)
    _printf_longlong_oct                     0x0800088d   Thumb Code    68  _printf_oct_int_ll.o(.text)
    _printf_int_oct                          0x080008d1   Thumb Code    24  _printf_oct_int_ll.o(.text)
    _printf_ll_oct                           0x080008e9   Thumb Code    12  _printf_oct_int_ll.o(.text)
    _printf_longlong_hex                     0x080008fd   Thumb Code    86  _printf_hex_int_ll_ptr.o(.text)
    _printf_int_hex                          0x08000953   Thumb Code    28  _printf_hex_int_ll_ptr.o(.text)
    _printf_ll_hex                           0x0800096f   Thumb Code    12  _printf_hex_int_ll_ptr.o(.text)
    _printf_hex_ptr                          0x0800097b   Thumb Code    18  _printf_hex_int_ll_ptr.o(.text)
    __printf                                 0x08000991   Thumb Code   388  __printf_flags_ss_wp.o(.text)
    _strtoul                                 0x08000b19   Thumb Code   158  _strtoul.o(.text)
    strtol                                   0x08000bb7   Thumb Code   112  strtol.o(.text)
    __strtok_internal                        0x08000c29   Thumb Code    64  strtok_int.o(.text)
    __aeabi_memclr                           0x08000c6d   Thumb Code     0  rt_memclr.o(.text)
    __rt_memclr                              0x08000c6d   Thumb Code     0  rt_memclr.o(.text)
    _memset                                  0x08000c71   Thumb Code    64  rt_memclr.o(.text)
    __user_libspace                          0x08000cb1   Thumb Code     8  libspace.o(.text)
    __user_perproc_libspace                  0x08000cb1   Thumb Code     0  libspace.o(.text)
    __user_perthread_libspace                0x08000cb1   Thumb Code     0  libspace.o(.text)
    __rt_locale                              0x08000cb9   Thumb Code     8  rt_locale_intlibspace.o(.text)
    _ll_udiv10                               0x08000cc1   Thumb Code   138  lludiv10.o(.text)
    _printf_int_common                       0x08000d4b   Thumb Code   178  _printf_intcommon.o(.text)
    _printf_fp_dec_real                      0x08000fad   Thumb Code   620  _printf_fp_dec.o(.text)
    _printf_fp_hex_real                      0x08001219   Thumb Code   756  _printf_fp_hex.o(.text)
    _printf_cs_common                        0x08001515   Thumb Code    20  _printf_char.o(.text)
    _printf_char                             0x08001529   Thumb Code    16  _printf_char.o(.text)
    _printf_string                           0x08001539   Thumb Code     8  _printf_char.o(.text)
    _printf_lcs_common                       0x08001541   Thumb Code    20  _printf_wchar.o(.text)
    _printf_wchar                            0x08001555   Thumb Code    16  _printf_wchar.o(.text)
    _printf_wstring                          0x08001565   Thumb Code     8  _printf_wchar.o(.text)
    _chval                                   0x0800156d   Thumb Code    28  _chval.o(.text)
    _c16rtomb                                0x08001589   Thumb Code    72  _c16rtomb.o(.text)
    _wcrtomb                                 0x08001589   Thumb Code     0  _c16rtomb.o(.text)
    strcspn                                  0x080015d1   Thumb Code    32  strcspn.o(.text)
    strspn                                   0x080015f1   Thumb Code    28  strspn.o(.text)
    __aeabi_memclr4                          0x0800160d   Thumb Code     0  rt_memclr_w.o(.text)
    __aeabi_memclr8                          0x0800160d   Thumb Code     0  rt_memclr_w.o(.text)
    __rt_memclr_w                            0x0800160d   Thumb Code     0  rt_memclr_w.o(.text)
    _memset_w                                0x08001611   Thumb Code    74  rt_memclr_w.o(.text)
    __user_setup_stackheap                   0x0800165b   Thumb Code    74  sys_stackheap_outer.o(.text)
    _printf_fp_infnan                        0x080016a5   Thumb Code   112  _printf_fp_infnan.o(.text)
    _btod_etento                             0x08001725   Thumb Code   224  bigflt0.o(.text)
    exit                                     0x08001809   Thumb Code    18  exit.o(.text)
    _sys_exit                                0x0800181d   Thumb Code     8  sys_exit.o(.text)
    __I$use$semihosting                      0x08001829   Thumb Code     0  use_no_semi.o(.text)
    __use_no_semihosting_swi                 0x08001829   Thumb Code     2  use_no_semi.o(.text)
    __semihosting_library_function           0x0800182b   Thumb Code     0  indicate_semi.o(.text)
    SystemInit                               0x0800182d   Thumb Code    18  system_stm32f3xx.o(.text.SystemInit)
    USART2_IRQHandler                        0x08001841   Thumb Code   126  uart.o(.text.USART2_IRQHandler)
    USART_Send                               0x080018c1   Thumb Code    46  uart.o(.text.USART_Send)
    USART_config                             0x080018f1   Thumb Code   150  uart.o(.text.USART_config)
    USART_putString                          0x08001989   Thumb Code    36  uart.o(.text.USART_putString)
    bf                                       0x080019dd   Thumb Code   334  main.o(.text.bf)
    call                                     0x08001b2d   Thumb Code    42  main.o(.text.call)
    funcion                                  0x08001b59   Thumb Code    44  main.o(.text.funcion)
    main                                     0x08001b85   Thumb Code    54  main.o(.text.main)
    md                                       0x08001bbd   Thumb Code   116  main.o(.text.md)
    miFuncion                                0x08001c31   Thumb Code    36  main.o(.text.miFuncion)
    mm                                       0x08001c55   Thumb Code   216  main.o(.text.mm)
    rd                                       0x08001d2d   Thumb Code    70  main.o(.text.rd)
    rm                                       0x08001d75   Thumb Code   158  main.o(.text.rm)
    run                                      0x08001e15   Thumb Code    42  main.o(.text.run)
    rutinaprincipal                          0x08001e41   Thumb Code   698  main.o(.text.rutinaprincipal)
    _btod_d2e                                0x080020fb   Thumb Code    62  btod.o(CL$$btod_d2e)
    _d2e_denorm_low                          0x08002139   Thumb Code    70  btod.o(CL$$btod_d2e_denorm_low)
    _d2e_norm_op1                            0x0800217f   Thumb Code    96  btod.o(CL$$btod_d2e_norm_op1)
    __btod_div_common                        0x080021e1   Thumb Code   696  btod.o(CL$$btod_div_common)
    _e2e                                     0x08002519   Thumb Code   220  btod.o(CL$$btod_e2e)
    _btod_ediv                               0x080025f5   Thumb Code    42  btod.o(CL$$btod_ediv)
    _btod_emul                               0x0800261f   Thumb Code    42  btod.o(CL$$btod_emul)
    __btod_mult_common                       0x08002649   Thumb Code   580  btod.o(CL$$btod_mult_common)
    __ARM_fpclassify                         0x0800288d   Thumb Code    48  fpclassify.o(i.__ARM_fpclassify)
    _is_digit                                0x080028bd   Thumb Code    14  __printf_wp.o(i._is_digit)
    _get_lc_ctype                            0x080028cd   Thumb Code    44  lc_ctype_c.o(locale$$code)
    _get_lc_numeric                          0x080028f9   Thumb Code    44  lc_numeric_c.o(locale$$code)
    _fp_init                                 0x08002925   Thumb Code    26  fpinit.o(x$fpl$fpinit)
    __fplib_config_fpu_vfp                   0x0800293d   Thumb Code     0  fpinit.o(x$fpl$fpinit)
    __fplib_config_pureend_doubles           0x0800293d   Thumb Code     0  fpinit.o(x$fpl$fpinit)
    _printf_fp_dec                           0x0800293f   Thumb Code     4  printf1.o(x$fpl$printf1)
    _printf_fp_hex                           0x08002943   Thumb Code     4  printf2.o(x$fpl$printf2)
    __I$use$fp                               0x08002946   Number         0  usenofp.o(x$fpl$usenofp)
    Region$$Table$$Base                      0x08002c8c   Number         0  anon$$obj.o(Region$$Table)
    Region$$Table$$Limit                     0x08002cac   Number         0  anon$$obj.o(Region$$Table)
    __ctype                                  0x08002cb9   Data           0  lc_ctype_c.o(locale$$data)
    SystemCoreClock                          0x20000004   Data           4  system_stm32f3xx.o(.data.SystemCoreClock)
    delimitador                              0x20000008   Data           2  main.o(.data.delimitador)
    __libspace_start                         0x20000010   Data          96  libspace.o(.bss)
    __temporary_stack_top$libspace           0x20000070   Data           0  libspace.o(.bss)
    buffer                                   0x20000070   Data          64  main.o(.bss.buffer)
    cmd_ready                                0x200000b0   Data           1  main.o(.bss.cmd_ready)
    contador                                 0x200000b1   Data           1  main.o(.bss.contador)
    instruction                              0x200000b4   Data           4  main.o(.bss.instruction)
    instruction1                             0x200000b8   Data           4  main.o(.bss.instruction1)
    instruction2                             0x200000bc   Data           4  main.o(.bss.instruction2)
    instruction3                             0x200000c0   Data           4  main.o(.bss.instruction3)
    instruction4                             0x200000c4   Data           4  main.o(.bss.instruction4)
    n                                        0x200000c8   Data           1  main.o(.bss.n)
    rx_data                                  0x200000c9   Data          64  main.o(.bss.rx_data)



==============================================================================

Memory Map of the image

  Image Entry point : 0x080003ed

  Load Region LR_1 (Base: 0x08000000, Size: 0x00002de4, Max: 0xffffffff, ABSOLUTE)

    Execution Region ER_RO (Exec base: 0x08000000, Load base: 0x08000000, Size: 0x00002dd8, Max: 0xffffffff, ABSOLUTE)

    Exec Addr    Load Addr    Size         Type   Attr      Idx    E Section Name        Object

    0x08000000   0x08000000   0x00000188   Data   RO           50    RESET               startup_stm32f303x8.o
    0x08000188   0x08000188   0x00000008   Code   RO          105  * !!!main             c_w.l(__main.o)
    0x08000190   0x08000190   0x0000005c   Code   RO          461    !!!scatter          c_w.l(__scatter.o)
    0x080001ec   0x080001ec   0x0000001a   Code   RO          465    !!handler_copy      c_w.l(__scatter_copy.o)
    0x08000206   0x08000206   0x00000002   PAD
    0x08000208   0x08000208   0x00000002   Code   RO          462    !!handler_null      c_w.l(__scatter.o)
    0x0800020a   0x0800020a   0x00000002   PAD
    0x0800020c   0x0800020c   0x0000001c   Code   RO          467    !!handler_zi        c_w.l(__scatter_zi.o)
    0x08000228   0x08000228   0x00000000   Code   RO          196    .ARM.Collect$$_printf_percent$$00000000  c_w.l(_printf_percent.o)
    0x08000228   0x08000228   0x00000006   Code   RO          185    .ARM.Collect$$_printf_percent$$00000001  c_w.l(_printf_n.o)
    0x0800022e   0x0800022e   0x00000006   Code   RO          187    .ARM.Collect$$_printf_percent$$00000002  c_w.l(_printf_p.o)
    0x08000234   0x08000234   0x00000006   Code   RO          192    .ARM.Collect$$_printf_percent$$00000003  c_w.l(_printf_f.o)
    0x0800023a   0x0800023a   0x00000006   Code   RO          193    .ARM.Collect$$_printf_percent$$00000004  c_w.l(_printf_e.o)
    0x08000240   0x08000240   0x00000006   Code   RO          194    .ARM.Collect$$_printf_percent$$00000005  c_w.l(_printf_g.o)
    0x08000246   0x08000246   0x00000006   Code   RO          195    .ARM.Collect$$_printf_percent$$00000006  c_w.l(_printf_a.o)
    0x0800024c   0x0800024c   0x0000000a   Code   RO          200    .ARM.Collect$$_printf_percent$$00000007  c_w.l(_printf_ll.o)
    0x08000256   0x08000256   0x00000006   Code   RO          189    .ARM.Collect$$_printf_percent$$00000008  c_w.l(_printf_i.o)
    0x0800025c   0x0800025c   0x00000006   Code   RO          190    .ARM.Collect$$_printf_percent$$00000009  c_w.l(_printf_d.o)
    0x08000262   0x08000262   0x00000006   Code   RO          191    .ARM.Collect$$_printf_percent$$0000000A  c_w.l(_printf_u.o)
    0x08000268   0x08000268   0x00000006   Code   RO          188    .ARM.Collect$$_printf_percent$$0000000B  c_w.l(_printf_o.o)
    0x0800026e   0x0800026e   0x00000006   Code   RO          186    .ARM.Collect$$_printf_percent$$0000000C  c_w.l(_printf_x.o)
    0x08000274   0x08000274   0x00000006   Code   RO          197    .ARM.Collect$$_printf_percent$$0000000D  c_w.l(_printf_lli.o)
    0x0800027a   0x0800027a   0x00000006   Code   RO          198    .ARM.Collect$$_printf_percent$$0000000E  c_w.l(_printf_lld.o)
    0x08000280   0x08000280   0x00000006   Code   RO          199    .ARM.Collect$$_printf_percent$$0000000F  c_w.l(_printf_llu.o)
    0x08000286   0x08000286   0x00000006   Code   RO          204    .ARM.Collect$$_printf_percent$$00000010  c_w.l(_printf_llo.o)
    0x0800028c   0x0800028c   0x00000006   Code   RO          205    .ARM.Collect$$_printf_percent$$00000011  c_w.l(_printf_llx.o)
    0x08000292   0x08000292   0x0000000a   Code   RO          201    .ARM.Collect$$_printf_percent$$00000012  c_w.l(_printf_l.o)
    0x0800029c   0x0800029c   0x00000006   Code   RO          183    .ARM.Collect$$_printf_percent$$00000013  c_w.l(_printf_c.o)
    0x080002a2   0x080002a2   0x00000006   Code   RO          184    .ARM.Collect$$_printf_percent$$00000014  c_w.l(_printf_s.o)
    0x080002a8   0x080002a8   0x00000006   Code   RO          202    .ARM.Collect$$_printf_percent$$00000015  c_w.l(_printf_lc.o)
    0x080002ae   0x080002ae   0x00000006   Code   RO          203    .ARM.Collect$$_printf_percent$$00000016  c_w.l(_printf_ls.o)
    0x080002b4   0x080002b4   0x00000004   Code   RO          262    .ARM.Collect$$_printf_percent$$00000017  c_w.l(_printf_percent_end.o)
    0x080002b8   0x080002b8   0x00000002   Code   RO          317    .ARM.Collect$$libinit$$00000000  c_w.l(libinit.o)
    0x080002ba   0x080002ba   0x00000004   Code   RO          318    .ARM.Collect$$libinit$$00000001  c_w.l(libinit2.o)
    0x080002be   0x080002be   0x00000000   Code   RO          321    .ARM.Collect$$libinit$$00000004  c_w.l(libinit2.o)
    0x080002be   0x080002be   0x00000000   Code   RO          323    .ARM.Collect$$libinit$$00000006  c_w.l(libinit2.o)
    0x080002be   0x080002be   0x00000000   Code   RO          326    .ARM.Collect$$libinit$$0000000C  c_w.l(libinit2.o)
    0x080002be   0x080002be   0x00000000   Code   RO          328    .ARM.Collect$$libinit$$0000000E  c_w.l(libinit2.o)
    0x080002be   0x080002be   0x00000000   Code   RO          330    .ARM.Collect$$libinit$$00000010  c_w.l(libinit2.o)
    0x080002be   0x080002be   0x00000006   Code   RO          331    .ARM.Collect$$libinit$$00000011  c_w.l(libinit2.o)
    0x080002c4   0x080002c4   0x00000000   Code   RO          333    .ARM.Collect$$libinit$$00000013  c_w.l(libinit2.o)
    0x080002c4   0x080002c4   0x0000000c   Code   RO          334    .ARM.Collect$$libinit$$00000014  c_w.l(libinit2.o)
    0x080002d0   0x080002d0   0x00000000   Code   RO          335    .ARM.Collect$$libinit$$00000015  c_w.l(libinit2.o)
    0x080002d0   0x080002d0   0x00000000   Code   RO          337    .ARM.Collect$$libinit$$00000017  c_w.l(libinit2.o)
    0x080002d0   0x080002d0   0x0000000a   Code   RO          338    .ARM.Collect$$libinit$$00000018  c_w.l(libinit2.o)
    0x080002da   0x080002da   0x00000000   Code   RO          339    .ARM.Collect$$libinit$$00000019  c_w.l(libinit2.o)
    0x080002da   0x080002da   0x00000000   Code   RO          341    .ARM.Collect$$libinit$$0000001B  c_w.l(libinit2.o)
    0x080002da   0x080002da   0x00000000   Code   RO          343    .ARM.Collect$$libinit$$0000001D  c_w.l(libinit2.o)
    0x080002da   0x080002da   0x00000000   Code   RO          345    .ARM.Collect$$libinit$$0000001F  c_w.l(libinit2.o)
    0x080002da   0x080002da   0x00000000   Code   RO          347    .ARM.Collect$$libinit$$00000021  c_w.l(libinit2.o)
    0x080002da   0x080002da   0x00000000   Code   RO          349    .ARM.Collect$$libinit$$00000023  c_w.l(libinit2.o)
    0x080002da   0x080002da   0x00000000   Code   RO          351    .ARM.Collect$$libinit$$00000025  c_w.l(libinit2.o)
    0x080002da   0x080002da   0x00000000   Code   RO          353    .ARM.Collect$$libinit$$00000027  c_w.l(libinit2.o)
    0x080002da   0x080002da   0x00000000   Code   RO          357    .ARM.Collect$$libinit$$0000002E  c_w.l(libinit2.o)
    0x080002da   0x080002da   0x00000000   Code   RO          359    .ARM.Collect$$libinit$$00000030  c_w.l(libinit2.o)
    0x080002da   0x080002da   0x00000000   Code   RO          361    .ARM.Collect$$libinit$$00000032  c_w.l(libinit2.o)
    0x080002da   0x080002da   0x00000000   Code   RO          363    .ARM.Collect$$libinit$$00000034  c_w.l(libinit2.o)
    0x080002da   0x080002da   0x00000002   Code   RO          364    .ARM.Collect$$libinit$$00000035  c_w.l(libinit2.o)
    0x080002dc   0x080002dc   0x00000002   Code   RO          407    .ARM.Collect$$libshutdown$$00000000  c_w.l(libshutdown.o)
    0x080002de   0x080002de   0x00000000   Code   RO          418    .ARM.Collect$$libshutdown$$00000002  c_w.l(libshutdown2.o)
    0x080002de   0x080002de   0x00000000   Code   RO          420    .ARM.Collect$$libshutdown$$00000004  c_w.l(libshutdown2.o)
    0x080002de   0x080002de   0x00000000   Code   RO          423    .ARM.Collect$$libshutdown$$00000007  c_w.l(libshutdown2.o)
    0x080002de   0x080002de   0x00000000   Code   RO          426    .ARM.Collect$$libshutdown$$0000000A  c_w.l(libshutdown2.o)
    0x080002de   0x080002de   0x00000000   Code   RO          428    .ARM.Collect$$libshutdown$$0000000C  c_w.l(libshutdown2.o)
    0x080002de   0x080002de   0x00000000   Code   RO          431    .ARM.Collect$$libshutdown$$0000000F  c_w.l(libshutdown2.o)
    0x080002de   0x080002de   0x00000002   Code   RO          432    .ARM.Collect$$libshutdown$$00000010  c_w.l(libshutdown2.o)
    0x080002e0   0x080002e0   0x00000000   Code   RO          107    .ARM.Collect$$rtentry$$00000000  c_w.l(__rtentry.o)
    0x080002e0   0x080002e0   0x00000000   Code   RO          226    .ARM.Collect$$rtentry$$00000002  c_w.l(__rtentry2.o)
    0x080002e0   0x080002e0   0x00000006   Code   RO          238    .ARM.Collect$$rtentry$$00000004  c_w.l(__rtentry4.o)
    0x080002e6   0x080002e6   0x00000000   Code   RO          228    .ARM.Collect$$rtentry$$00000009  c_w.l(__rtentry2.o)
    0x080002e6   0x080002e6   0x00000004   Code   RO          229    .ARM.Collect$$rtentry$$0000000A  c_w.l(__rtentry2.o)
    0x080002ea   0x080002ea   0x00000000   Code   RO          231    .ARM.Collect$$rtentry$$0000000C  c_w.l(__rtentry2.o)
    0x080002ea   0x080002ea   0x00000008   Code   RO          232    .ARM.Collect$$rtentry$$0000000D  c_w.l(__rtentry2.o)
    0x080002f2   0x080002f2   0x00000002   Code   RO          370    .ARM.Collect$$rtexit$$00000000  c_w.l(rtexit.o)
    0x080002f4   0x080002f4   0x00000000   Code   RO          379    .ARM.Collect$$rtexit$$00000002  c_w.l(rtexit2.o)
    0x080002f4   0x080002f4   0x00000004   Code   RO          380    .ARM.Collect$$rtexit$$00000003  c_w.l(rtexit2.o)
    0x080002f8   0x080002f8   0x00000006   Code   RO          381    .ARM.Collect$$rtexit$$00000004  c_w.l(rtexit2.o)
    0x080002fe   0x080002fe   0x00000002   PAD
    0x08000300   0x08000300   0x000000ec   Code   RO           43    .text               myfunctions.o
    0x080003ec   0x080003ec   0x00000040   Code   RO           51  * .text               startup_stm32f303x8.o
    0x0800042c   0x0800042c   0x0000002c   Code   RO           88    .text               c_w.l(sprintf.o)
    0x08000458   0x08000458   0x0000001a   Code   RO           90    .text               c_w.l(atoi.o)
    0x08000472   0x08000472   0x00000072   Code   RO           92    .text               c_w.l(strtoul.o)
    0x080004e4   0x080004e4   0x0000000c   Code   RO           94    .text               c_w.l(strtok.o)
    0x080004f0   0x080004f0   0x00000014   Code   RO           97    .text               c_w.l(strchr.o)
    0x08000504   0x08000504   0x00000010   Code   RO           99    .text               c_w.l(aeabi_memset.o)
    0x08000514   0x08000514   0x00000004   PAD
    0x08000518   0x08000518   0x0000007c   Code   RO          101    .text               c_w.l(strcmpv7em.o)
    0x08000594   0x08000594   0x00000006   Code   RO          103    .text               c_w.l(heapauxi.o)
    0x0800059a   0x0800059a   0x00000002   PAD
    0x0800059c   0x0800059c   0x00000010   Code   RO          108    .text               c_w.l(rt_ctype_table.o)
    0x080005ac   0x080005ac   0x00000008   Code   RO          113    .text               c_w.l(rt_errno_addr_intlibspace.o)
    0x080005b4   0x080005b4   0x0000004e   Code   RO          117    .text               c_w.l(_printf_pad.o)
    0x08000602   0x08000602   0x00000024   Code   RO          119    .text               c_w.l(_printf_truncate.o)
    0x08000626   0x08000626   0x00000052   Code   RO          121    .text               c_w.l(_printf_str.o)
    0x08000678   0x08000678   0x00000078   Code   RO          123    .text               c_w.l(_printf_dec.o)
    0x080006f0   0x080006f0   0x00000028   Code   RO          125    .text               c_w.l(_printf_charcount.o)
    0x08000718   0x08000718   0x00000030   Code   RO          127    .text               c_w.l(_printf_char_common.o)
    0x08000748   0x08000748   0x0000000a   Code   RO          129    .text               c_w.l(_sputc.o)
    0x08000752   0x08000752   0x00000002   PAD
    0x08000754   0x08000754   0x000000bc   Code   RO          131    .text               c_w.l(_printf_wctomb.o)
    0x08000810   0x08000810   0x0000007c   Code   RO          134    .text               c_w.l(_printf_longlong_dec.o)
    0x0800088c   0x0800088c   0x00000070   Code   RO          140    .text               c_w.l(_printf_oct_int_ll.o)
    0x080008fc   0x080008fc   0x00000094   Code   RO          160    .text               c_w.l(_printf_hex_int_ll_ptr.o)
    0x08000990   0x08000990   0x00000188   Code   RO          180    .text               c_w.l(__printf_flags_ss_wp.o)
    0x08000b18   0x08000b18   0x0000009e   Code   RO          206    .text               c_w.l(_strtoul.o)
    0x08000bb6   0x08000bb6   0x00000070   Code   RO          208    .text               c_w.l(strtol.o)
    0x08000c26   0x08000c26   0x00000002   PAD
    0x08000c28   0x08000c28   0x00000044   Code   RO          210    .text               c_w.l(strtok_int.o)
    0x08000c6c   0x08000c6c   0x00000044   Code   RO          212    .text               c_w.l(rt_memclr.o)
    0x08000cb0   0x08000cb0   0x00000008   Code   RO          222    .text               c_w.l(libspace.o)
    0x08000cb8   0x08000cb8   0x00000008   Code   RO          243    .text               c_w.l(rt_locale_intlibspace.o)
    0x08000cc0   0x08000cc0   0x0000008a   Code   RO          245    .text               c_w.l(lludiv10.o)
    0x08000d4a   0x08000d4a   0x000000b2   Code   RO          247    .text               c_w.l(_printf_intcommon.o)
    0x08000dfc   0x08000dfc   0x0000041c   Code   RO          249    .text               c_w.l(_printf_fp_dec.o)
    0x08001218   0x08001218   0x000002fc   Code   RO          253    .text               c_w.l(_printf_fp_hex.o)
    0x08001514   0x08001514   0x0000002c   Code   RO          258    .text               c_w.l(_printf_char.o)
    0x08001540   0x08001540   0x0000002c   Code   RO          260    .text               c_w.l(_printf_wchar.o)
    0x0800156c   0x0800156c   0x0000001c   Code   RO          263    .text               c_w.l(_chval.o)
    0x08001588   0x08001588   0x00000048   Code   RO          265    .text               c_w.l(_c16rtomb.o)
    0x080015d0   0x080015d0   0x00000020   Code   RO          270    .text               c_w.l(strcspn.o)
    0x080015f0   0x080015f0   0x0000001c   Code   RO          272    .text               c_w.l(strspn.o)
    0x0800160c   0x0800160c   0x0000004e   Code   RO          274    .text               c_w.l(rt_memclr_w.o)
    0x0800165a   0x0800165a   0x0000004a   Code   RO          276    .text               c_w.l(sys_stackheap_outer.o)
    0x080016a4   0x080016a4   0x00000080   Code   RO          278    .text               c_w.l(_printf_fp_infnan.o)
    0x08001724   0x08001724   0x000000e4   Code   RO          280    .text               c_w.l(bigflt0.o)
    0x08001808   0x08001808   0x00000012   Code   RO          310    .text               c_w.l(exit.o)
    0x0800181a   0x0800181a   0x00000002   PAD
    0x0800181c   0x0800181c   0x0000000c   Code   RO          393    .text               c_w.l(sys_exit.o)
    0x08001828   0x08001828   0x00000002   Code   RO          408    .text               c_w.l(use_no_semi.o)
    0x0800182a   0x0800182a   0x00000000   Code   RO          410    .text               c_w.l(indicate_semi.o)
    0x0800182a   0x0800182a   0x00000002   PAD
    0x0800182c   0x0800182c   0x00000012   Code   RO           56    .text.SystemInit    system_stm32f3xx.o
    0x0800183e   0x0800183e   0x00000002   PAD
    0x08001840   0x08001840   0x0000007e   Code   RO           70    .text.USART2_IRQHandler  UART_Lib.lib(uart.o)
    0x080018be   0x080018be   0x00000002   PAD
    0x080018c0   0x080018c0   0x0000002e   Code   RO           76    .text.USART_Send    UART_Lib.lib(uart.o)
    0x080018ee   0x080018ee   0x00000002   PAD
    0x080018f0   0x080018f0   0x00000096   Code   RO           72    .text.USART_config  UART_Lib.lib(uart.o)
    0x08001986   0x08001986   0x00000002   PAD
    0x08001988   0x08001988   0x00000024   Code   RO           78    .text.USART_putString  UART_Lib.lib(uart.o)
    0x080019ac   0x080019ac   0x00000030   Code   RO           74    .text.__NVIC_EnableIRQ  UART_Lib.lib(uart.o)
    0x080019dc   0x080019dc   0x0000014e   Code   RO           14    .text.bf            main.o
    0x08001b2a   0x08001b2a   0x00000002   PAD
    0x08001b2c   0x08001b2c   0x0000002a   Code   RO           18    .text.call          main.o
    0x08001b56   0x08001b56   0x00000002   PAD
    0x08001b58   0x08001b58   0x0000002c   Code   RO           20    .text.funcion       main.o
    0x08001b84   0x08001b84   0x00000036   Code   RO           22    .text.main          main.o
    0x08001bba   0x08001bba   0x00000002   PAD
    0x08001bbc   0x08001bbc   0x00000074   Code   RO           10    .text.md            main.o
    0x08001c30   0x08001c30   0x00000024   Code   RO            2    .text.miFuncion     main.o
    0x08001c54   0x08001c54   0x000000d8   Code   RO           12    .text.mm            main.o
    0x08001d2c   0x08001d2c   0x00000046   Code   RO            4    .text.rd            main.o
    0x08001d72   0x08001d72   0x00000002   PAD
    0x08001d74   0x08001d74   0x0000009e   Code   RO            6    .text.rm            main.o
    0x08001e12   0x08001e12   0x00000002   PAD
    0x08001e14   0x08001e14   0x0000002a   Code   RO           16    .text.run           main.o
    0x08001e3e   0x08001e3e   0x00000002   PAD
    0x08001e40   0x08001e40   0x000002ba   Code   RO            8    .text.rutinaprincipal  main.o
    0x080020fa   0x080020fa   0x0000003e   Code   RO          283    CL$$btod_d2e        c_w.l(btod.o)
    0x08002138   0x08002138   0x00000046   Code   RO          285    CL$$btod_d2e_denorm_low  c_w.l(btod.o)
    0x0800217e   0x0800217e   0x00000060   Code   RO          284    CL$$btod_d2e_norm_op1  c_w.l(btod.o)
    0x080021de   0x080021de   0x00000002   PAD
    0x080021e0   0x080021e0   0x00000338   Code   RO          293    CL$$btod_div_common  c_w.l(btod.o)
    0x08002518   0x08002518   0x000000dc   Code   RO          290    CL$$btod_e2e        c_w.l(btod.o)
    0x080025f4   0x080025f4   0x0000002a   Code   RO          287    CL$$btod_ediv       c_w.l(btod.o)
    0x0800261e   0x0800261e   0x0000002a   Code   RO          286    CL$$btod_emul       c_w.l(btod.o)
    0x08002648   0x08002648   0x00000244   Code   RO          292    CL$$btod_mult_common  c_w.l(btod.o)
    0x0800288c   0x0800288c   0x00000030   Code   RO          368    i.__ARM_fpclassify  m_wm.l(fpclassify.o)
    0x080028bc   0x080028bc   0x0000000e   Code   RO          173    i._is_digit         c_w.l(__printf_wp.o)
    0x080028ca   0x080028ca   0x00000002   PAD
    0x080028cc   0x080028cc   0x0000002c   Code   RO          268    locale$$code        c_w.l(lc_ctype_c.o)
    0x080028f8   0x080028f8   0x0000002c   Code   RO          308    locale$$code        c_w.l(lc_numeric_c.o)
    0x08002924   0x08002924   0x0000001a   Code   RO          376    x$fpl$fpinit        fz_wm.l(fpinit.o)
    0x0800293e   0x0800293e   0x00000004   Code   RO          214    x$fpl$printf1       fz_wm.l(printf1.o)
    0x08002942   0x08002942   0x00000004   Code   RO          216    x$fpl$printf2       fz_wm.l(printf2.o)
    0x08002946   0x08002946   0x00000000   Code   RO          367    x$fpl$usenofp       fz_wm.l(usenofp.o)
    0x08002946   0x08002946   0x00000002   PAD
    0x08002948   0x08002948   0x00000008   Data   RO          132    .constdata          c_w.l(_printf_wctomb.o)
    0x08002950   0x08002950   0x00000028   Data   RO          161    .constdata          c_w.l(_printf_hex_int_ll_ptr.o)
    0x08002978   0x08002978   0x00000011   Data   RO          181    .constdata          c_w.l(__printf_flags_ss_wp.o)
    0x08002989   0x08002989   0x00000026   Data   RO          254    .constdata          c_w.l(_printf_fp_hex.o)
    0x080029af   0x080029af   0x00000001   PAD
    0x080029b0   0x080029b0   0x00000094   Data   RO          281    .constdata          c_w.l(bigflt0.o)
    0x08002a44   0x08002a44   0x00000246   Data   RO           32    .rodata.str1.1      main.o
    0x08002c8a   0x08002c8a   0x00000002   PAD
    0x08002c8c   0x08002c8c   0x00000020   Data   RO          460    Region$$Table       anon$$obj.o
    0x08002cac   0x08002cac   0x00000110   Data   RO          267    locale$$data        c_w.l(lc_ctype_c.o)
    0x08002dbc   0x08002dbc   0x0000001c   Data   RO          307    locale$$data        c_w.l(lc_numeric_c.o)


    Execution Region ER_RW (Exec base: 0x20000000, Load base: 0x08002dd8, Size: 0x0000000c, Max: 0xffffffff, ABSOLUTE)

    Exec Addr    Load Addr    Size         Type   Attr      Idx    E Section Name        Object

    0x20000000   0x08002dd8   0x00000004   Data   RW           95    .data               c_w.l(strtok.o)
    0x20000004   0x08002ddc   0x00000004   Data   RW           60    .data.SystemCoreClock  system_stm32f3xx.o
    0x20000008   0x08002de0   0x00000002   Data   RW           24    .data.delimitador   main.o


    Execution Region ER_ZI (Exec base: 0x20000010, Load base: 0x08002de4, Size: 0x00000700, Max: 0xffffffff, ABSOLUTE)

    Exec Addr    Load Addr    Size         Type   Attr      Idx    E Section Name        Object

    0x20000010        -       0x00000060   Zero   RW          223    .bss                c_w.l(libspace.o)
    0x20000070        -       0x00000040   Zero   RW           31    .bss.buffer         main.o
    0x200000b0        -       0x00000001   Zero   RW           33    .bss.cmd_ready      main.o
    0x200000b1        -       0x00000001   Zero   RW           25    .bss.contador       main.o
    0x200000b2   0x08002de4   0x00000002   PAD
    0x200000b4        -       0x00000004   Zero   RW           26    .bss.instruction    main.o
    0x200000b8        -       0x00000004   Zero   RW           27    .bss.instruction1   main.o
    0x200000bc        -       0x00000004   Zero   RW           28    .bss.instruction2   main.o
    0x200000c0        -       0x00000004   Zero   RW           29    .bss.instruction3   main.o
    0x200000c4        -       0x00000004   Zero   RW           30    .bss.instruction4   main.o
    0x200000c8        -       0x00000001   Zero   RW           35    .bss.n              main.o
    0x200000c9        -       0x00000040   Zero   RW           34    .bss.rx_data        main.o
    0x20000109   0x08002de4   0x00000007   PAD
    0x20000110        -       0x00000200   Zero   RW           49    HEAP                startup_stm32f303x8.o
    0x20000310        -       0x00000400   Zero   RW           48    STACK               startup_stm32f303x8.o


==============================================================================

Image component sizes


      Code (inc. data)   RO Data    RW Data    ZI Data      Debug   Object Name

      1810          0        582          2        151       4101   main.o
       236          0          0          0          0        372   myfunctions.o
        64         26        392          0       1536        832   startup_stm32f303x8.o
        18          0          0          4          0       2365   system_stm32f3xx.o

    ----------------------------------------------------------------------
      2142         26       1008          8       1696       7670   Object Totals
         0          0         32          0          0          0   (incl. Generated)
        14          0          2          2          9          0   (incl. Padding)

    ----------------------------------------------------------------------

      Code (inc. data)   RO Data    RW Data    ZI Data      Debug   Library Member Name

       406          0          0          0          0       3902   uart.o
         8          0          0          0          0         68   __main.o
       392          4         17          0          0         92   __printf_flags_ss_wp.o
        14          0          0          0          0         68   __printf_wp.o
         0          0          0          0          0          0   __rtentry.o
        12          0          0          0          0          0   __rtentry2.o
         6          0          0          0          0          0   __rtentry4.o
        94          8          0          0          0          0   __scatter.o
        26          0          0          0          0          0   __scatter_copy.o
        28          0          0          0          0          0   __scatter_zi.o
        72          0          0          0          0         96   _c16rtomb.o
        28          0          0          0          0         68   _chval.o
         6          0          0          0          0          0   _printf_a.o
         6          0          0          0          0          0   _printf_c.o
        44          0          0          0          0        108   _printf_char.o
        48          6          0          0          0         96   _printf_char_common.o
        40          0          0          0          0         68   _printf_charcount.o
         6          0          0          0          0          0   _printf_d.o
       120         16          0          0          0         92   _printf_dec.o
         6          0          0          0          0          0   _printf_e.o
         6          0          0          0          0          0   _printf_f.o
      1052          0          0          0          0        148   _printf_fp_dec.o
       764          8         38          0          0        100   _printf_fp_hex.o
       128         16          0          0          0         84   _printf_fp_infnan.o
         6          0          0          0          0          0   _printf_g.o
       148          4         40          0          0        160   _printf_hex_int_ll_ptr.o
         6          0          0          0          0          0   _printf_i.o
       178          0          0          0          0         88   _printf_intcommon.o
        10          0          0          0          0          0   _printf_l.o
         6          0          0          0          0          0   _printf_lc.o
        10          0          0          0          0          0   _printf_ll.o
         6          0          0          0          0          0   _printf_lld.o
         6          0          0          0          0          0   _printf_lli.o
         6          0          0          0          0          0   _printf_llo.o
         6          0          0          0          0          0   _printf_llu.o
         6          0          0          0          0          0   _printf_llx.o
       124         16          0          0          0         92   _printf_longlong_dec.o
         6          0          0          0          0          0   _printf_ls.o
         6          0          0          0          0          0   _printf_n.o
         6          0          0          0          0          0   _printf_o.o
       112          8          0          0          0        124   _printf_oct_int_ll.o
         6          0          0          0          0          0   _printf_p.o
        78          0          0          0          0        108   _printf_pad.o
         0          0          0          0          0          0   _printf_percent.o
         4          0          0          0          0          0   _printf_percent_end.o
         6          0          0          0          0          0   _printf_s.o
        82          0          0          0          0         80   _printf_str.o
        36          0          0          0          0         84   _printf_truncate.o
         6          0          0          0          0          0   _printf_u.o
        44          0          0          0          0        108   _printf_wchar.o
       188          6          8          0          0         92   _printf_wctomb.o
         6          0          0          0          0          0   _printf_x.o
        10          0          0          0          0         68   _sputc.o
       158          0          0          0          0         92   _strtoul.o
        16          0          0          0          0         68   aeabi_memset.o
        26          0          0          0          0         80   atoi.o
       228          4        148          0          0         96   bigflt0.o
      1936        128          0          0          0        668   btod.o
        18          0          0          0          0         80   exit.o
         6          0          0          0          0        152   heapauxi.o
         0          0          0          0          0          0   indicate_semi.o
        44         10        272          0          0         76   lc_ctype_c.o
        44         10         28          0          0         76   lc_numeric_c.o
         2          0          0          0          0          0   libinit.o
        34          0          0          0          0          0   libinit2.o
         2          0          0          0          0          0   libshutdown.o
         2          0          0          0          0          0   libshutdown2.o
         8          4          0          0         96         68   libspace.o
       138          0          0          0          0         80   lludiv10.o
        16          4          0          0          0         76   rt_ctype_table.o
         8          4          0          0          0         68   rt_errno_addr_intlibspace.o
         8          4          0          0          0         68   rt_locale_intlibspace.o
        68          0          0          0          0         68   rt_memclr.o
        78          0          0          0          0         80   rt_memclr_w.o
         2          0          0          0          0          0   rtexit.o
        10          0          0          0          0          0   rtexit2.o
        44          6          0          0          0         84   sprintf.o
        20          0          0          0          0         68   strchr.o
       124          0          0          0          0         88   strcmpv7em.o
        32          0          0          0          0         80   strcspn.o
        28          0          0          0          0         80   strspn.o
        12          6          0          4          0         68   strtok.o
        68          4          0          0          0         84   strtok_int.o
       112          0          0          0          0         88   strtol.o
       114          0          0          0          0         92   strtoul.o
        12          4          0          0          0         68   sys_exit.o
        74          0          0          0          0         80   sys_stackheap_outer.o
         2          0          0          0          0         68   use_no_semi.o
        26          0          0          0          0        116   fpinit.o
         4          0          0          0          0        116   printf1.o
         4          0          0          0          0        116   printf2.o
         0          0          0          0          0          0   usenofp.o
        48          0          0          0          0        124   fpclassify.o

    ----------------------------------------------------------------------
      8034        280        552          4         96       9310   Library Totals
        32          0          1          0          0          0   (incl. Padding)

    ----------------------------------------------------------------------

      Code (inc. data)   RO Data    RW Data    ZI Data      Debug   Library Name

       406          0          0          0          0       3902   UART_Lib.lib
      7514        280        551          4         96       4936   c_w.l
        34          0          0          0          0        348   fz_wm.l
        48          0          0          0          0        124   m_wm.l

    ----------------------------------------------------------------------
      8034        280        552          4         96       9310   Library Totals

    ----------------------------------------------------------------------

==============================================================================


      Code (inc. data)   RO Data    RW Data    ZI Data      Debug   

     10176        306       1560         12       1792      14052   Grand Totals
     10176        306       1560         12       1792      14052   ELF Image Totals
     10176        306       1560         12          0          0   ROM Totals

==============================================================================

    Total RO  Size (Code + RO Data)                11736 (  11.46kB)
    Total RW  Size (RW Data + ZI Data)              1804 (   1.76kB)
    Total ROM Size (Code + RO Data + RW Data)      11748 (  11.47kB)

==============================================================================

